[1/1] Compiling plugin GenerateManual
[2/2] Compiling plugin GenerateDoccReference
Building for debugging...
[2/8] Write swift-version--58304C5D6DBC2206.txt
Build complete! (0.09s)
Test Suite 'Selected tests' started at 2026-04-17 11:10:28.905.
Test Suite 'EspalierPackageTests.xctest' started at 2026-04-17 11:10:28.905.
Test Suite 'EspalierPackageTests.xctest' passed at 2026-04-17 11:10:28.905.
	 Executed 0 tests, with 0 failures (0 unexpected) in 0.000 (0.000) seconds
Test Suite 'Selected tests' passed at 2026-04-17 11:10:28.905.
	 Executed 0 tests, with 0 failures (0 unexpected) in 0.000 (0.001) seconds
◇ Test run started.
↳ Testing Library Version: 1743
↳ Target Platform: arm64e-apple-macos14.0
◇ Suite "ZmxRunner" started.
◇ Test runThrowsOnNonZeroExit() started.
◇ Test captureReturnsStdoutAndExitCodeWithoutThrowing() started.
◇ Test captureAllReturnsStderrSeparately() started.
◇ Test runReturnsStdoutOnZeroExit() started.
◇ Test envIsPassedToTheChild() started.
✔ Test runReturnsStdoutOnZeroExit() passed after 0.002 seconds.
✔ Test captureReturnsStdoutAndExitCodeWithoutThrowing() passed after 0.002 seconds.
✔ Test runThrowsOnNonZeroExit() passed after 0.002 seconds.
✔ Test envIsPassedToTheChild() passed after 0.005 seconds.
✔ Test captureAllReturnsStderrSeparately() passed after 0.005 seconds.
✔ Suite "ZmxRunner" passed after 0.005 seconds.
✔ Test run with 5 tests in 1 suite passed after 0.005 seconds.
